[conference.awwwards.com/index9e0f.html]
[backblue.gif]
[fade.gif]
[index.html]
[conference.awwwards.com/homepage.html]
[conference.awwwards.com/uploads/options/config/digital-thinkers-conf.jpg]
[conference.awwwards.com/assets/images/favicons/apple-touch-icon.png]
[conference.awwwards.com/assets/images/favicons/favicon-32x32.png]
[conference.awwwards.com/assets/images/favicons/favicon-16x16.png]
[conference.awwwards.com/assets/images/favicons/site.webmanifest]
[conference.awwwards.com/assets/images/favicons/browserconfig.xml]
[conference.awwwards.com/assets/styles/main4888.css]
[conference.awwwards.com/speakers.html]
[conference.awwwards.com/index.html]
[conference.awwwards.com/workshops.html]
[conference.awwwards.com/schedule.html]
[conference.awwwards.com/venue.html]
[conference.awwwards.com/news.html]
[conference.awwwards.com/contact-us.html]
[conference.awwwards.com/faq.html]
[conference.awwwards.com/talks/rethinking-authentication-ux.html]
[conference.awwwards.com/talks/the-successful-imposter.html]
[conference.awwwards.com/talks/working-vs-producing-the-difference-that-changed-my-life.html]
[conference.awwwards.com/talks/eyes-wide-open.html]
[conference.awwwards.com/talks/the-influential-product-designer.html]
[conference.awwwards.com/talks/a-studio-s-roadmap-to-web3.html]
[conference.awwwards.com/workshops/how-to-create-amp-sell-digital-collectibles-with-no-code.html]
[conference.awwwards.com/workshops/creative-confidence.html]
[conference.awwwards.com/workshops/designing-for-complex-uis.html]
[conference.awwwards.com/workshops/designing-workshop-experiences-the-art-of-playful-collaboration.html]
[conference.awwwards.com/workshops/art-direction-design-with-emotion.html]
[conference.awwwards.com/workshops/embodying-your-creativity.html]
[conference.awwwards.com/uploads/options/config/Sponsorship_Opportunities-Toronto-2023.pdf]
[conference.awwwards.com/uploads/options/config/Code_of_Conduct.pdf]
[conference.awwwards.com/assets/scripts/vendors4888.js]
[conference.awwwards.com/index9e0f.html]
[conference.awwwards.com/homepage.html]
[conference.awwwards.com/assets/images/favicons/safari-pinned-tab.svg]
[conference.awwwards.com/assets/images/favicons/favicon.svg]
[conference.awwwards.com/assets/fonts/NHaasGroteskTXPro-55Rg.woff2]
[conference.awwwards.com/assets/scripts/app4888.js]
[conference.awwwards.com/assets/fonts/NHaasGroteskTXPro-55Rg.woff]
[conference.awwwards.com/assets/fonts/NHaasGroteskDSPro-65Md.woff2]
[conference.awwwards.com/assets/fonts/NHaasGroteskDSPro-65Md.woff]
[conference.awwwards.com/assets/fonts/NeueBit-Regular.woff2]
[conference.awwwards.com/assets/fonts/NeueBit-Regular.woff]
[conference.awwwards.com/assets/fonts/NeueBit-Bold.woff2]
[conference.awwwards.com/assets/fonts/NeueBit-Bold.woff]
[conference.awwwards.com/assets/fonts/coign-37-bold-pro.woff2]
[conference.awwwards.com/assets/fonts/coign-37-bold-pro.woff]
[conference.awwwards.com/assets/styles/preloader.gif]
[conference.awwwards.com/assets/styles/main4888.css]
[conference.awwwards.com/index.html]
[conference.awwwards.com/talks/get-smooth-or-die-tryin.html]
[conference.awwwards.com/talks/tbc-7.html]
[conference.awwwards.com/talks/this-could-ve-been-an-email.html]
[conference.awwwards.com/talks/a-tale-of-photogrammetry-backflips-and-identity.html]
[conference.awwwards.com/talks/tbc-4.html]
[conference.awwwards.com/talks/designing-an-agency-culture-through-music.html]
[conference.awwwards.com/talks/design-never-wins.html]
[conference.awwwards.com/talks/authenticity-on-the-web.html]
[conference.awwwards.com/talks/tbc-6.html]
[conference.awwwards.com/talks/making-friends-with-failure.html]
[conference.awwwards.com/talks/tailwind-aware-props.html]
[conference.awwwards.com/talks/conversation-design-across-realities.html]
[conference.awwwards.com/talks/the-internet-is-constantly-changing-is-it-though.html]
[conference.awwwards.com/talks/ai/ux-the-role-of-ux-designers-in-humanizing-the-future.html]
[conference.awwwards.com/talks/designing-for-other-artists.html]
[conference.awwwards.com/talks/from-yawn-to-yay-building-play-into-collaboration.html]
[conference.awwwards.com/speakers.html]
[conference.awwwards.com/talks/why-the-hell-would-anyone-ever-use-webflow.html]
[conference.awwwards.com/workshops.html]
[conference.awwwards.com/workshops/creating-immersive-web-experiences-through-exciting-mini-games.html]
[conference.awwwards.com/schedule4660.html]
[conference.awwwards.com/schedule6e18.html]
[conference.awwwards.com/schedule.html]
[conference.awwwards.com/venue.html]
[conference.awwwards.com/news.html]
[conference.awwwards.com/contact-us.html]
[conference.awwwards.com/assets/images/sprite.svg]
[conference.awwwards.com/faq.html]
[conference.awwwards.com/schedule9d29.html]
[conference.awwwards.com/uploads/speakers/speaker_vitaly-friedman-sepia-dark-960x960.jpg]
[conference.awwwards.com/talks/rethinking-authentication-ux.html]
[conference.awwwards.com/uploads/speakers/speaker-pablo-stanley-sepia-dark-960x960.jpg]
[conference.awwwards.com/talks/the-successful-imposter.html]
[conference.awwwards.com/uploads/speakers/speaker-victor-costa-sepia-dark-960x960.jpg]
[conference.awwwards.com/talks/working-vs-producing-the-difference-that-changed-my-life.html]
[conference.awwwards.com/uploads/speakers/speaker-isabel-moranta-sepia-dark-960x960.jpg]
[conference.awwwards.com/talks/eyes-wide-open.html]
[conference.awwwards.com/uploads/speakers/speaker-femke-sepia-dark-960x960.jpg]
[conference.awwwards.com/talks/the-influential-product-designer.html]
[conference.awwwards.com/uploads/speakers/speaker-filippo-cipriani-sepia-dark-960x960.jpg]
[conference.awwwards.com/talks/a-studio-s-roadmap-to-web3.html]
[conference.awwwards.com/uploads/workshops/pablo-workshop.jpg]
[conference.awwwards.com/workshops/how-to-create-amp-sell-digital-collectibles-with-no-code.html]
[conference.awwwards.com/uploads/workshops/diana-workshop.jpg]
[conference.awwwards.com/workshops/creative-confidence.html]
[conference.awwwards.com/uploads/workshops/Vitaly-retocada1.jpg]
[conference.awwwards.com/workshops/designing-for-complex-uis.html]
[conference.awwwards.com/uploads/workshops/workshop-rachel.jpg]
[conference.awwwards.com/workshops/designing-workshop-experiences-the-art-of-playful-collaboration.html]
[conference.awwwards.com/uploads/workshops/isabel-moranta-workshop.jpg]
[conference.awwwards.com/workshops/art-direction-design-with-emotion.html]
[conference.awwwards.com/uploads/workshops/travis-workshop.jpg]
[conference.awwwards.com/workshops/embodying-your-creativity.html]
[conference.awwwards.com/assets/styles/preloader.html]
[conference.awwwards.com/uploads/speakers/speaker-franco_arza-sepia-dark-960x960.jpg]
[conference.awwwards.com/talks/get-smooth-or-die-tryin.html]
[conference.awwwards.com/uploads/speakers/speaker-amelie-ok-sepia-dark-960x960.jpg]
[conference.awwwards.com/talks/tbc-7.html]
[conference.awwwards.com/uploads/speakers/speaker-simon-2-sepia-dark-960x960.jpg]
[conference.awwwards.com/talks/this-could-ve-been-an-email.html]
[conference.awwwards.com/uploads/speakers/mathieuducharmejeremyminie-sepia-dark-960x960.jpg]
[conference.awwwards.com/talks/a-tale-of-photogrammetry-backflips-and-identity.html]
[conference.awwwards.com/uploads/speakers/speaker-guglieri-2-sepia-dark-960x960.jpg]
[conference.awwwards.com/talks/tbc-4.html]
[conference.awwwards.com/uploads/speakers/speaker-jp_mia-sepia-dark-960x960.jpg]
[conference.awwwards.com/talks/designing-an-agency-culture-through-music.html]
[conference.awwwards.com/uploads/speakers/speaker-adriano-esteves-sepia-dark-960x960.jpg]
[conference.awwwards.com/talks/design-never-wins.html]
[conference.awwwards.com/uploads/speakers/=P-Rhodi-and-Peter-Profile.png]
[conference.awwwards.com/talks/authenticity-on-the-web.html]
[conference.awwwards.com/uploads/speakers/speaker-josh_kirk-sepia-dark-960x960.jpg]
[conference.awwwards.com/talks/tbc-6.html]
[conference.awwwards.com/uploads/speakers/speaker-diana_varma-sepia-dark-960x960.jpg]
[conference.awwwards.com/talks/making-friends-with-failure.html]
[conference.awwwards.com/uploads/speakers/speaker-nicolas-sepia-dark-960x960.jpg]
[conference.awwwards.com/talks/tailwind-aware-props.html]
[conference.awwwards.com/uploads/speakers/speaker-hilary_hayes-sepia-dark-960x960.jpg]
[conference.awwwards.com/talks/conversation-design-across-realities.html]
[conference.awwwards.com/uploads/speakers/speaker-romain-sepia-dark-960x960.jpg]
[conference.awwwards.com/talks/the-internet-is-constantly-changing-is-it-though.html]
[conference.awwwards.com/uploads/speakers/speaker-travis_neilson-sepia-dark-960x960.jpg]
[conference.awwwards.com/talks/ai/ux-the-role-of-ux-designers-in-humanizing-the-future.html]
[conference.awwwards.com/uploads/speakers/speaker-brent-sepia-dark-960x960.jpg]
[conference.awwwards.com/specialoffer.inc]
[conference.awwwards.com/talks/designing-for-other-artists.html]
[conference.awwwards.com/uploads/speakers/speaker-rachel-sepia-dark-960x960.jpg]
[conference.awwwards.com/talks/from-yawn-to-yay-building-play-into-collaboration.html]
[conference.awwwards.com/uploads/speakers/speaker-jonathan-morin-sepia-dark-960x960.jpg]
[conference.awwwards.com/talks/why-the-hell-would-anyone-ever-use-webflow.html]
[conference.awwwards.com/uploads/workshops/victor-work.jpg]
[conference.awwwards.com/workshops/creating-immersive-web-experiences-through-exciting-mini-games.html]
[conference.awwwards.com/schedule4660.html]
[conference.awwwards.com/schedule6e18.html]
[conference.awwwards.com/schedule9d29.html]
[conference.awwwards.com/specialoffer.html]
[conference.awwwards.com/talks/animations-are-we-using-it-properly.html]
[conference.awwwards.com/talks/animations-are-we-using-it-properly.html]
